[vascons.ro/index.html]
[backblue.gif]
[fade.gif]
[index.html]
[vascons.ro/wp-content/themes/astra/assets/css/minified/main.min80dd.css]
[vascons.ro/feed/index.html]
[vascons.ro/wp-includes/css/dist/block-library/style.min6c2d.css]
[vascons.ro/comments/feed/index.html]
[vascons.ro/wp-json/wp/v2/pages/46.json]
[vascons.ro/xmlrpc0db0.php]
[vascons.ro/wp-json/oembed/1.0/embed05d0.json]
[vascons.ro/wp-json/oembed/1.0/embedc205]
[vascons.ro/wp-content/uploads/2025/06/cropped-ChatGPT-Image-Jun-16-2025-06_00_45-PM-135x56.png]
[vascons.ro/wp-json/index.html]
[constantinionalex.duckdns.org/wp-content/uploads/2025/06/Picture2.png]
[constantinionalex.duckdns.org/wp-content/themes/astra/inc/assets/images/starter-content/branding.jpg]
[constantinionalex.duckdns.org/wp-content/themes/astra/inc/assets/images/starter-content/graphic.jpg]
[constantinionalex.duckdns.org/wp-content/themes/astra/inc/assets/images/starter-content/web.jpg]
[constantinionalex.duckdns.org/wp-content/themes/astra/inc/assets/images/starter-content/about-us.jpg]
[constantinionalex.duckdns.org/wp-content/themes/astra/inc/assets/images/starter-content/avatar.png]
[vascons.ro/wp-content/themes/astra/assets/js/minified/frontend.min80dd.js]
[vascons.ro/wp-includes/js/dist/dom-ready.min5346.js]
[vascons.ro/wp-content/plugins/astra-sites/inc/lib/onboarding/assets/dist/template-preview/maina11c.js]
[vascons.ro/index.html]
[vascons.ro/wp-content/themes/astra/assets/css/minified/main.min80dd.css]
[vascons.ro/wp-includes/css/dist/block-library/style.min6c2d.css]
